
Discarded input sections

 .data          0x00000000        0x0 start.o
 .bss           0x00000000        0x0 start.o
 .data          0x00000000        0x0 cpu_init.o
 .bss           0x00000000        0x0 cpu_init.o
 .text          0x00000000        0x0 nand_boot.o
 .data          0x00000000        0x0 nand_boot.o
 .bss           0x00000000        0x0 nand_boot.o
 .data          0x00000000        0x0 lowlevel_init.o
 .bss           0x00000000        0x0 lowlevel_init.o
 .data          0x00000000        0x0 crt0.o
 .bss           0x00000000        0x0 crt0.o
 .text          0x00000000        0x0 nand_ecc.o
 .data          0x00000000        0x0 nand_ecc.o
 .bss           0x00000000        0x0 nand_ecc.o
 .text.nand_correct_data
                0x00000000        0x0 nand_ecc.o
 .text          0x00000000        0x0 s3c64xx.o
 .text          0x00000000        0x0 smdk6410_nand_spl.o
 .data          0x00000000        0x0 smdk6410_nand_spl.o
 .bss           0x00000000        0x0 smdk6410_nand_spl.o
 .text          0x00000000        0x0 nand_base.o
 .data          0x00000000        0x0 nand_base.o
 .bss           0x00000000        0x0 nand_base.o
 .text.generic_ffs
                0x00000000        0x0 nand_base.o
 .text.nand_bch_calculate_ecc
                0x00000000        0x0 nand_base.o
 .text.nand_bch_correct_data
                0x00000000        0x0 nand_base.o
 .text.nand_release_device
                0x00000000        0x0 nand_base.o
 .text.nand_read_byte16
                0x00000000        0x0 nand_base.o
 .text.nand_read_word
                0x00000000        0x0 nand_base.o
 .text.nand_verify_buf
                0x00000000        0x0 nand_base.o
 .text.nand_write_buf16
                0x00000000        0x0 nand_base.o
 .text.nand_read_buf16
                0x00000000        0x0 nand_base.o
 .text.nand_verify_buf16
                0x00000000        0x0 nand_base.o
 .text.nand_check_wp
                0x00000000        0x0 nand_base.o
 .text.nand_get_device
                0x00000000        0x0 nand_base.o
 .text.nand_block_bad
                0x00000000        0x0 nand_base.o
 .text.nand_read_page_raw
                0x00000000        0x0 nand_base.o
 .text.nand_read_page_raw_syndrome
                0x00000000        0x0 nand_base.o
 .text.nand_read_page_swecc
                0x00000000        0x0 nand_base.o
 .text.nand_read_subpage
                0x00000000        0x0 nand_base.o
 .text.nand_read_page_hwecc
                0x00000000        0x0 nand_base.o
 .text.nand_read_page_hwecc_oob_first
                0x00000000        0x0 nand_base.o
 .text.nand_read_page_syndrome
                0x00000000        0x0 nand_base.o
 .text.nand_read_oob_std
                0x00000000        0x0 nand_base.o
 .text.nand_read_oob_syndrome
                0x00000000        0x0 nand_base.o
 .text.nand_write_oob_std
                0x00000000        0x0 nand_base.o
 .text.nand_write_oob_syndrome
                0x00000000        0x0 nand_base.o
 .text.nand_write_page_raw
                0x00000000        0x0 nand_base.o
 .text.nand_write_page_raw_syndrome
                0x00000000        0x0 nand_base.o
 .text.nand_write_page_swecc
                0x00000000        0x0 nand_base.o
 .text.nand_write_page_hwecc
                0x00000000        0x0 nand_base.o
 .text.nand_write_page_syndrome
                0x00000000        0x0 nand_base.o
 .text.nand_write_page
                0x00000000        0x0 nand_base.o
 .text.single_erase_cmd
                0x00000000        0x0 nand_base.o
 .text.multi_erase_cmd
                0x00000000        0x0 nand_base.o
 .text.nand_sync
                0x00000000        0x0 nand_base.o
 .text.nand_release
                0x00000000        0x0 nand_base.o
 .text.nand_scan_ident
                0x00000000        0x0 nand_base.o
 .text.nand_scan_tail
                0x00000000        0x0 nand_base.o
 .text.nand_scan
                0x00000000        0x0 nand_base.o
 .text.nand_select_chip
                0x00000000        0x0 nand_base.o
 .text.nand_block_checkbad
                0x00000000        0x0 nand_base.o
 .text.nand_block_isbad
                0x00000000        0x0 nand_base.o
 .text.nand_block_markbad
                0x00000000        0x0 nand_base.o
 .text.nand_fill_oob
                0x00000000        0x0 nand_base.o
 .text.nand_do_write_oob
                0x00000000        0x0 nand_base.o
 .text.nand_do_write_ops
                0x00000000        0x0 nand_base.o
 .text.nand_write_oob
                0x00000000        0x0 nand_base.o
 .text.nand_write
                0x00000000        0x0 nand_base.o
 .text.nand_transfer_oob
                0x00000000        0x0 nand_base.o
 .text.nand_default_block_markbad
                0x00000000        0x0 nand_base.o
 .text.nand_erase_nand
                0x00000000        0x0 nand_base.o
 .text.nand_erase
                0x00000000        0x0 nand_base.o
 .text.nand_wait
                0x00000000        0x0 nand_base.o
 .text.nand_wait_ready
                0x00000000        0x0 nand_base.o
 .text.nand_do_read_ops
                0x00000000        0x0 nand_base.o
 .text.nand_read_oob
                0x00000000        0x0 nand_base.o
 .text.nand_read
                0x00000000        0x0 nand_base.o
 .text.nand_command
                0x00000000        0x0 nand_base.o
 .text.nand_command_lp
                0x00000000        0x0 nand_base.o
 .rodata        0x00000000        0x0 nand_base.o
 .rodata.str1.1
                0x00000000        0x0 nand_base.o

Memory Configuration

Name             Origin             Length             Attributes
*default*        0x00000000         0xffffffff

Linker script and memory map

                0x00000000                . = 0x0
                0x00000000                . = ALIGN (0x4)

.text           0x00000000      0x4c4
 start.o(.text)
 .text          0x00000000      0x140 start.o
                0x00000040                _end_vect
                0x0000007c                relocate_code
                0x00000054                IRQ_STACK_START_IN
                0x00000000                _start
                0x00000048                _bss_start_ofs
                0x0000004c                _bss_end_ofs
                0x00000050                _end_ofs
                0x00000134                c_runtime_cpu_setup
                0x00000040                _TEXT_BASE
 cpu_init.o(.text)
 .text          0x00000140      0x124 cpu_init.o
                0x00000140                mem_ctrl_asm_init
 nand_boot.o(.text)
 *(.text)
 .text          0x00000264      0x1e4 lowlevel_init.o
                0x00000268                lowlevel_init
 .text          0x00000448       0x7c crt0.o
                0x00000448                _main

.glue_7         0x000004c4        0x0
 .glue_7        0x000004c4        0x0 start.o
 .glue_7        0x000004c4        0x0 cpu_init.o
 .glue_7        0x000004c4        0x0 nand_boot.o
 .glue_7        0x000004c4        0x0 lowlevel_init.o
 .glue_7        0x000004c4        0x0 crt0.o
 .glue_7        0x000004c4        0x0 nand_ecc.o
 .glue_7        0x000004c4        0x0 s3c64xx.o
 .glue_7        0x000004c4        0x0 smdk6410_nand_spl.o
 .glue_7        0x000004c4        0x0 nand_base.o

.glue_7t        0x000004c4        0x0
 .glue_7t       0x000004c4        0x0 start.o
 .glue_7t       0x000004c4        0x0 cpu_init.o
 .glue_7t       0x000004c4        0x0 nand_boot.o
 .glue_7t       0x000004c4        0x0 lowlevel_init.o
 .glue_7t       0x000004c4        0x0 crt0.o
 .glue_7t       0x000004c4        0x0 nand_ecc.o
 .glue_7t       0x000004c4        0x0 s3c64xx.o
 .glue_7t       0x000004c4        0x0 smdk6410_nand_spl.o
 .glue_7t       0x000004c4        0x0 nand_base.o

.vfp11_veneer   0x000004c4        0x0
 .vfp11_veneer  0x000004c4        0x0 start.o
 .vfp11_veneer  0x000004c4        0x0 cpu_init.o
 .vfp11_veneer  0x000004c4        0x0 nand_boot.o
 .vfp11_veneer  0x000004c4        0x0 lowlevel_init.o
 .vfp11_veneer  0x000004c4        0x0 crt0.o
 .vfp11_veneer  0x000004c4        0x0 nand_ecc.o
 .vfp11_veneer  0x000004c4        0x0 s3c64xx.o
 .vfp11_veneer  0x000004c4        0x0 smdk6410_nand_spl.o
 .vfp11_veneer  0x000004c4        0x0 nand_base.o

.janus_2cc_veneer
                0x000004c4        0x0
 .janus_2cc_veneer
                0x000004c4        0x0 start.o
 .janus_2cc_veneer
                0x000004c4        0x0 cpu_init.o
 .janus_2cc_veneer
                0x000004c4        0x0 nand_boot.o
 .janus_2cc_veneer
                0x000004c4        0x0 lowlevel_init.o
 .janus_2cc_veneer
                0x000004c4        0x0 crt0.o
 .janus_2cc_veneer
                0x000004c4        0x0 nand_ecc.o
 .janus_2cc_veneer
                0x000004c4        0x0 s3c64xx.o
 .janus_2cc_veneer
                0x000004c4        0x0 smdk6410_nand_spl.o
 .janus_2cc_veneer
                0x000004c4        0x0 nand_base.o

.v4_bx          0x000004c4        0x0
 .v4_bx         0x000004c4        0x0 start.o
 .v4_bx         0x000004c4        0x0 cpu_init.o
 .v4_bx         0x000004c4        0x0 nand_boot.o
 .v4_bx         0x000004c4        0x0 lowlevel_init.o
 .v4_bx         0x000004c4        0x0 crt0.o
 .v4_bx         0x000004c4        0x0 nand_ecc.o
 .v4_bx         0x000004c4        0x0 s3c64xx.o
 .v4_bx         0x000004c4        0x0 smdk6410_nand_spl.o
 .v4_bx         0x000004c4        0x0 nand_base.o

.text.nand_command
                0x000004c4       0xf0
 .text.nand_command
                0x000004c4       0xf0 nand_boot.o

.text.nand_load
                0x000005b4      0x19c
 .text.nand_load
                0x000005b4      0x19c nand_boot.o

.text.nand_boot
                0x00000750       0x9c
 .text.nand_boot
                0x00000750       0x9c nand_boot.o
                0x00000750                nand_boot

.text.s3c_nand_select_chip
                0x000007ec       0x40
 .text.s3c_nand_select_chip
                0x000007ec       0x40 s3c64xx.o

.text.s3c_nand_hwcontrol
                0x0000082c       0x68
 .text.s3c_nand_hwcontrol
                0x0000082c       0x68 s3c64xx.o

.text.s3c_nand_device_ready
                0x00000894       0x14
 .text.s3c_nand_device_ready
                0x00000894       0x14 s3c64xx.o

.text.s3c_nand_enable_hwecc
                0x000008a8       0x40
 .text.s3c_nand_enable_hwecc
                0x000008a8       0x40 s3c64xx.o

.text.s3c_nand_calculate_ecc
                0x000008e8       0x3c
 .text.s3c_nand_calculate_ecc
                0x000008e8       0x3c s3c64xx.o

.text.s3c_nand_correct_data
                0x00000924       0x64
 .text.s3c_nand_correct_data
                0x00000924       0x64 s3c64xx.o

.text.board_nand_init
                0x00000988       0xf4
 .text.board_nand_init
                0x00000988       0xf4 s3c64xx.o
                0x00000988                board_nand_init

.text.board_init_f
                0x00000a7c       0x18
 .text.board_init_f
                0x00000a7c       0x18 smdk6410_nand_spl.o
                0x00000a7c                board_init_f

.text.nand_read_byte
                0x00000a94       0x14
 .text.nand_read_byte
                0x00000a94       0x14 nand_base.o
                0x00000a94                nand_read_byte

.text.nand_write_buf
                0x00000aa8       0x34
 .text.nand_write_buf
                0x00000aa8       0x34 nand_base.o
                0x00000aa8                nand_write_buf

.text.nand_read_buf
                0x00000adc       0x2c
 .text.nand_read_buf
                0x00000adc       0x2c nand_base.o
                0x00000adc                nand_read_buf
                0x00000b08                . = ALIGN (0x4)

.rodata
 *(SORT(.rodata*))
                0x00000b08                . = ALIGN (0x4)

.data           0x00000b08        0x8
 *(.data)
 .data          0x00000b08        0x8 s3c64xx.o
                0x00000b10                . = ALIGN (0x4)

.got
 *(.got)
                0x00000b10                . = ALIGN (0x4)

.u_boot_list    0x00000b10        0x0
                0x00000b10                _u_boot_list__start = .
                0x00000b10                _u_boot_list_cmd__start = .
 *(SORT(.u_boot_list.cmd.*))
                0x00000b10                _u_boot_list_cmd__end = .
                0x00000b10                _u_boot_list_env_clbk__start = .
 *(SORT(.u_boot_list.env_clbk.*))
                0x00000b10                _u_boot_list_env_clbk__end = .
 *(SORT(.u_boot_list.*))
                0x00000b10                _u_boot_list__end = .
                0x00000b10                . = ALIGN (0x4)

.rel.dyn        0x00000b10        0x0
                0x00000b10                __rel_dyn_start = .
 *(.rel*)
                0x00000b10                __rel_dyn_end = .

.dynsym         0x00000b10        0x0
                0x00000b10                __dynsym_start = .
 *(.dynsym)
                0x00000b10                _end = .

.bss            0x00000b10        0x4
                0x00000b10                __bss_start = .
 *(.bss)
 .bss           0x00000b10        0x4 s3c64xx.o
                0x00000b14                . = ALIGN (0x4)
                0x00000b14                __bss_end__ = .
Address of section .text set to 0x0
LOAD start.o
LOAD cpu_init.o
LOAD lowlevel_init.o
LOAD crt0.o
LOAD nand_boot.o
LOAD nand_ecc.o
LOAD s3c64xx.o
LOAD smdk6410_nand_spl.o
LOAD nand_base.o
OUTPUT(/project/u-boot-2013.04-rc1-day1/nand_spl/u-boot-spl elf32-littlearm)

.ARM.attributes
                0x00000000       0x26
 .ARM.attributes
                0x00000000       0x18 start.o
 .ARM.attributes
                0x00000018       0x18 cpu_init.o
 .ARM.attributes
                0x00000030       0x28 nand_boot.o
 .ARM.attributes
                0x00000058       0x18 lowlevel_init.o
 .ARM.attributes
                0x00000070       0x18 crt0.o
 .ARM.attributes
                0x00000088       0x28 nand_ecc.o
 .ARM.attributes
                0x000000b0       0x28 s3c64xx.o
 .ARM.attributes
                0x000000d8       0x28 smdk6410_nand_spl.o
 .ARM.attributes
                0x00000100       0x28 nand_base.o

.debug_line     0x00000000     0x16aa
 .debug_line    0x00000000       0x7c start.o
 .debug_line    0x0000007c       0x7c cpu_init.o
 .debug_line    0x000000f8      0x20e nand_boot.o
 .debug_line    0x00000306       0xaf lowlevel_init.o
 .debug_line    0x000003b5       0x55 crt0.o
 .debug_line    0x0000040a      0x177 nand_ecc.o
 .debug_line    0x00000581      0x24b s3c64xx.o
 .debug_line    0x000007cc       0xeb smdk6410_nand_spl.o
 .debug_line    0x000008b7      0xdf3 nand_base.o

.debug_info     0x00000000     0x76c4
 .debug_info    0x00000000       0x72 start.o
 .debug_info    0x00000072       0x75 cpu_init.o
 .debug_info    0x000000e7     0x15c7 nand_boot.o
 .debug_info    0x000016ae       0x7a lowlevel_init.o
 .debug_info    0x00001728       0x71 crt0.o
 .debug_info    0x00001799      0xb37 nand_ecc.o
 .debug_info    0x000022d0     0x164b s3c64xx.o
 .debug_info    0x0000391b      0x2e4 smdk6410_nand_spl.o
 .debug_info    0x00003bff     0x3ac5 nand_base.o

.debug_abbrev   0x00000000      0xd51
 .debug_abbrev  0x00000000       0x14 start.o
 .debug_abbrev  0x00000014       0x14 cpu_init.o
 .debug_abbrev  0x00000028      0x2af nand_boot.o
 .debug_abbrev  0x000002d7       0x14 lowlevel_init.o
 .debug_abbrev  0x000002eb       0x14 crt0.o
 .debug_abbrev  0x000002ff      0x1e5 nand_ecc.o
 .debug_abbrev  0x000004e4      0x28f s3c64xx.o
 .debug_abbrev  0x00000773      0x10a smdk6410_nand_spl.o
 .debug_abbrev  0x0000087d      0x4d4 nand_base.o

.debug_aranges  0x00000000      0x338
 .debug_aranges
                0x00000000       0x20 start.o
 .debug_aranges
                0x00000020       0x20 cpu_init.o
 .debug_aranges
                0x00000040       0x30 nand_boot.o
 .debug_aranges
                0x00000070       0x20 lowlevel_init.o
 .debug_aranges
                0x00000090       0x20 crt0.o
 .debug_aranges
                0x000000b0       0x20 nand_ecc.o
 .debug_aranges
                0x000000d0       0x50 s3c64xx.o
 .debug_aranges
                0x00000120       0x20 smdk6410_nand_spl.o
 .debug_aranges
                0x00000140      0x1f8 nand_base.o

.debug_frame    0x00000000      0x8b8
 .debug_frame   0x00000000       0x70 nand_boot.o
 .debug_frame   0x00000070       0x30 nand_ecc.o
 .debug_frame   0x000000a0       0x98 s3c64xx.o
 .debug_frame   0x00000138       0x28 smdk6410_nand_spl.o
 .debug_frame   0x00000160      0x758 nand_base.o

.debug_loc      0x00000000     0x3614
 .debug_loc     0x00000000      0x2a7 nand_boot.o
 .debug_loc     0x000002a7      0x104 nand_ecc.o
 .debug_loc     0x000003ab      0x235 s3c64xx.o
 .debug_loc     0x000005e0       0x32 smdk6410_nand_spl.o
 .debug_loc     0x00000612     0x3002 nand_base.o

.debug_pubnames
                0x00000000      0x172
 .debug_pubnames
                0x00000000       0x20 nand_boot.o
 .debug_pubnames
                0x00000020       0x28 nand_ecc.o
 .debug_pubnames
                0x00000048       0x26 s3c64xx.o
 .debug_pubnames
                0x0000006e       0x23 smdk6410_nand_spl.o
 .debug_pubnames
                0x00000091       0xe1 nand_base.o

.debug_ranges   0x00000000      0x610
 .debug_ranges  0x00000000       0x98 nand_boot.o
 .debug_ranges  0x00000098       0x18 nand_ecc.o
 .debug_ranges  0x000000b0       0x48 s3c64xx.o
 .debug_ranges  0x000000f8       0x18 smdk6410_nand_spl.o
 .debug_ranges  0x00000110      0x500 nand_base.o

.debug_str      0x00000000     0x10c1
 .debug_str     0x00000000      0x794 nand_boot.o
                                0x96b (size before relaxing)
 .debug_str     0x00000794       0x37 nand_ecc.o
                                0x5b0 (size before relaxing)
 .debug_str     0x000007cb      0x109 s3c64xx.o
                                0x9c4 (size before relaxing)
 .debug_str     0x000008d4       0x2a smdk6410_nand_spl.o
                                0x22e (size before relaxing)
 .debug_str     0x000008fe      0x7c3 nand_base.o
                               0x1115 (size before relaxing)

.comment        0x00000000       0xd2
 .comment       0x00000000       0x2a nand_boot.o
 .comment       0x0000002a       0x2a nand_ecc.o
 .comment       0x00000054       0x2a s3c64xx.o
 .comment       0x0000007e       0x2a smdk6410_nand_spl.o
 .comment       0x000000a8       0x2a nand_base.o

.note.GNU-stack
                0x00000000        0x0
 .note.GNU-stack
                0x00000000        0x0 nand_boot.o
 .note.GNU-stack
                0x00000000        0x0 nand_ecc.o
 .note.GNU-stack
                0x00000000        0x0 s3c64xx.o
 .note.GNU-stack
                0x00000000        0x0 smdk6410_nand_spl.o
 .note.GNU-stack
                0x00000000        0x0 nand_base.o
