
Discarded input sections

 .data          0x00000000        0x0 start.o
 .bss           0x00000000        0x0 start.o
 .data          0x00000000        0x0 cpu_init.o
 .bss           0x00000000        0x0 cpu_init.o
 .text          0x00000000        0x0 nand_boot.o
 .data          0x00000000        0x0 nand_boot.o
 .bss           0x00000000        0x0 nand_boot.o
 .data          0x00000000        0x0 lowlevel_init.o
 .bss           0x00000000        0x0 lowlevel_init.o
 .data          0x00000000        0x0 crt0.o
 .bss           0x00000000        0x0 crt0.o
 .text          0x00000000        0x0 nand_ecc.o
 .data          0x00000000        0x0 nand_ecc.o
 .bss           0x00000000        0x0 nand_ecc.o
 .text.nand_correct_data
                0x00000000      0x120 nand_ecc.o
 .text          0x00000000        0x0 s3c64xx.o
 .text          0x00000000        0x0 smdk6410_nand_spl.o
 .data          0x00000000        0x0 smdk6410_nand_spl.o
 .bss           0x00000000        0x0 smdk6410_nand_spl.o
 .text          0x00000000        0x0 nand_base.o
 .data          0x00000000      0x920 nand_base.o
 .bss           0x00000000        0x0 nand_base.o
 .text.generic_ffs
                0x00000000       0x54 nand_base.o
 .text.nand_bch_calculate_ecc
                0x00000000        0x8 nand_base.o
 .text.nand_bch_correct_data
                0x00000000        0x8 nand_base.o
 .text.nand_release_device
                0x00000000       0x18 nand_base.o
 .text.nand_read_byte16
                0x00000000       0x14 nand_base.o
 .text.nand_read_word
                0x00000000       0x10 nand_base.o
 .text.nand_verify_buf
                0x00000000       0x44 nand_base.o
 .text.nand_write_buf16
                0x00000000       0x34 nand_base.o
 .text.nand_read_buf16
                0x00000000       0x34 nand_base.o
 .text.nand_verify_buf16
                0x00000000       0x48 nand_base.o
 .text.nand_check_wp
                0x00000000       0x4c nand_base.o
 .text.nand_get_device
                0x00000000        0xc nand_base.o
 .text.nand_read_page_raw
                0x00000000       0x38 nand_base.o
 .text.nand_read_page_raw_syndrome
                0x00000000       0xd0 nand_base.o
 .text.nand_read_page_swecc
                0x00000000      0x110 nand_base.o
 .text.nand_read_subpage
                0x00000000      0x29c nand_base.o
 .text.nand_read_page_hwecc
                0x00000000      0x138 nand_base.o
 .text.nand_read_page_hwecc_oob_first
                0x00000000      0x13c nand_base.o
 .text.nand_read_page_syndrome
                0x00000000      0x124 nand_base.o
 .text.nand_read_oob_std
                0x00000000       0x44 nand_base.o
 .text.nand_read_oob_syndrome
                0x00000000      0x100 nand_base.o
 .text.nand_write_oob_std
                0x00000000       0x70 nand_base.o
 .text.nand_write_oob_syndrome
                0x00000000      0x1b0 nand_base.o
 .text.nand_write_page_raw
                0x00000000       0x34 nand_base.o
 .text.nand_write_page_raw_syndrome
                0x00000000       0xcc nand_base.o
 .text.nand_write_page_swecc
                0x00000000       0xbc nand_base.o
 .text.nand_write_page_hwecc
                0x00000000       0xc8 nand_base.o
 .text.nand_write_page_syndrome
                0x00000000       0xf0 nand_base.o
 .text.single_erase_cmd
                0x00000000       0x3c nand_base.o
 .text.multi_erase_cmd
                0x00000000       0x8c nand_base.o
 .text.nand_sync
                0x00000000       0x24 nand_base.o
 .text.nand_release
                0x00000000       0x44 nand_base.o
 .text.nand_scan_tail
                0x00000000      0x5e8 nand_base.o
 .text.nand_select_chip
                0x00000000       0x58 nand_base.o
 .text.nand_block_checkbad
                0x00000000       0x80 nand_base.o
 .text.nand_block_isbad
                0x00000000       0x40 nand_base.o
 .text.nand_block_markbad
                0x00000000       0x3c nand_base.o
 .text.nand_write_page
                0x00000000       0xc0 nand_base.o
 .text.nand_block_bad
                0x00000000      0x15c nand_base.o
 .text.nand_scan_ident
                0x00000000      0x790 nand_base.o
 .text.nand_scan
                0x00000000       0x24 nand_base.o
 .text.nand_fill_oob
                0x00000000      0x110 nand_base.o
 .text.nand_do_write_oob
                0x00000000      0x1b8 nand_base.o
 .text.nand_do_write_ops
                0x00000000      0x390 nand_base.o
 .text.nand_write_oob
                0x00000000       0xc8 nand_base.o
 .text.nand_write
                0x00000000       0xa8 nand_base.o
 .text.nand_transfer_oob
                0x00000000      0x110 nand_base.o
 .text.nand_default_block_markbad
                0x00000000      0x178 nand_base.o
 .text.nand_erase_nand
                0x00000000      0x400 nand_base.o
 .text.nand_erase
                0x00000000        0x8 nand_base.o
 .text.nand_wait
                0x00000000       0xd4 nand_base.o
 .text.nand_wait_ready
                0x00000000       0x4c nand_base.o
 .text.nand_do_read_ops
                0x00000000      0x408 nand_base.o
 .text.nand_read_oob
                0x00000000      0x2c4 nand_base.o
 .text.nand_read
                0x00000000       0xa8 nand_base.o
 .text.nand_command
                0x00000000      0x1dc nand_base.o
 .text.nand_command_lp
                0x00000000      0x268 nand_base.o
 .rodata        0x00000000       0x6c nand_base.o
 .rodata.str1.1
                0x00000000      0x2d9 nand_base.o

Memory Configuration

Name             Origin             Length             Attributes
*default*        0x00000000         0xffffffff

Linker script and memory map

                0x00000000                . = 0x0
                0x00000000                . = ALIGN (0x4)

.text           0x00000000      0x488
 start.o(.text)
 .text          0x00000000      0x140 start.o
                0x00000000                _start
                0x00000040                _end_vect
                0x00000040                _TEXT_BASE
                0x00000048                _bss_start_ofs
                0x0000004c                _bss_end_ofs
                0x00000050                _end_ofs
                0x00000054                IRQ_STACK_START_IN
                0x0000007c                relocate_code
                0x00000134                c_runtime_cpu_setup
 cpu_init.o(.text)
 .text          0x00000140      0x124 cpu_init.o
                0x00000140                mem_ctrl_asm_init
 nand_boot.o(.text)
 *(.text)
 .text          0x00000264      0x194 lowlevel_init.o
                0x00000268                lowlevel_init
 .text          0x000003f8       0x90 crt0.o
                0x000003f8                _main

.glue_7         0x00000488        0x0
 .glue_7        0x00000000        0x0 linker stubs

.glue_7t        0x00000488        0x0
 .glue_7t       0x00000000        0x0 linker stubs

.vfp11_veneer   0x00000488        0x0
 .vfp11_veneer  0x00000000        0x0 linker stubs

.v4_bx          0x00000488        0x0
 .v4_bx         0x00000000        0x0 linker stubs

.text.T.55      0x00000488       0xf0
 .text.T.55     0x00000488       0xf0 nand_boot.o

.text.nand_load
                0x00000578      0x174
 .text.nand_load
                0x00000578      0x174 nand_boot.o

.text.nand_boot
                0x000006ec       0xac
 .text.nand_boot
                0x000006ec       0xac nand_boot.o
                0x000006ec                nand_boot

.text.s3c_nand_select_chip
                0x00000798       0x40
 .text.s3c_nand_select_chip
                0x00000798       0x40 s3c64xx.o

.text.s3c_nand_hwcontrol
                0x000007d8       0x68
 .text.s3c_nand_hwcontrol
                0x000007d8       0x68 s3c64xx.o

.text.s3c_nand_device_ready
                0x00000840       0x14
 .text.s3c_nand_device_ready
                0x00000840       0x14 s3c64xx.o

.text.s3c_nand_enable_hwecc_8bit
                0x00000854       0x50
 .text.s3c_nand_enable_hwecc_8bit
                0x00000854       0x50 s3c64xx.o
                0x00000854                s3c_nand_enable_hwecc_8bit

.text.s3c_nand_calculate_ecc_8bit
                0x000008a4       0xcc
 .text.s3c_nand_calculate_ecc_8bit
                0x000008a4       0xcc s3c64xx.o
                0x000008a4                s3c_nand_calculate_ecc_8bit

.text.s3c_nand_correct_data_8bit
                0x00000970      0x11c
 .text.s3c_nand_correct_data_8bit
                0x00000970      0x11c s3c64xx.o
                0x00000970                s3c_nand_correct_data_8bit

.text.s3c_nand_write_page_8bit
                0x00000a8c       0xb0
 .text.s3c_nand_write_page_8bit
                0x00000a8c       0xb0 s3c64xx.o
                0x00000a8c                s3c_nand_write_page_8bit

.text.s3c_nand_read_page_8bit
                0x00000b3c      0x100
 .text.s3c_nand_read_page_8bit
                0x00000b3c      0x100 s3c64xx.o
                0x00000b3c                s3c_nand_read_page_8bit

.text.board_nand_init
                0x00000c3c      0x114
 .text.board_nand_init
                0x00000c3c      0x114 s3c64xx.o
                0x00000c3c                board_nand_init

.text.board_init_f
                0x00000d50       0x14
 .text.board_init_f
                0x00000d50       0x14 smdk6410_nand_spl.o
                0x00000d50                board_init_f

.text.nand_read_byte
                0x00000d64       0x14
 .text.nand_read_byte
                0x00000d64       0x14 nand_base.o
                0x00000d64                nand_read_byte

.text.nand_write_buf
                0x00000d78       0x2c
 .text.nand_write_buf
                0x00000d78       0x2c nand_base.o
                0x00000d78                nand_write_buf

.text.nand_read_buf
                0x00000da4       0x2c
 .text.nand_read_buf
                0x00000da4       0x2c nand_base.o
                0x00000da4                nand_read_buf
                0x00000dd0                . = ALIGN (0x4)

.rodata
 *(SORT(.rodata*))
                0x00000dd0                . = ALIGN (0x4)

.data           0x00000dd0      0x250
 *(.data)
 .data          0x00000dd0      0x250 s3c64xx.o
                0x00001020                . = ALIGN (0x4)

.got
 *(.got)
                0x00001020                . = ALIGN (0x4)

.u_boot_list    0x00001020        0x0
                0x00001020                _u_boot_list__start = .
                0x00001020                _u_boot_list_cmd__start = .
 *(SORT(.u_boot_list.cmd.*))
                0x00001020                _u_boot_list_cmd__end = .
                0x00001020                _u_boot_list_env_clbk__start = .
 *(SORT(.u_boot_list.env_clbk.*))
                0x00001020                _u_boot_list_env_clbk__end = .
 *(SORT(.u_boot_list.*))
                0x00001020                _u_boot_list__end = .
                0x00001020                . = ALIGN (0x4)

.rel.dyn        0x00001020        0x0
                0x00001020                __rel_dyn_start = .
 *(.rel*)
                0x00001020                __rel_dyn_end = .

.dynsym         0x00001020        0x0
                0x00001020                __dynsym_start = .
 *(.dynsym)
                0x00001020                _end = .

.bss            0x00001020        0x8
                0x00001020                __bss_start = .
 *(.bss)
 .bss           0x00001020        0x8 s3c64xx.o
                0x00001020                cur_ecc_mode
                0x00001028                . = ALIGN (0x4)
                0x00001028                __bss_end__ = .
Address of section .text set to 0x0
LOAD start.o
LOAD cpu_init.o
LOAD lowlevel_init.o
LOAD crt0.o
LOAD nand_boot.o
LOAD nand_ecc.o
LOAD s3c64xx.o
LOAD smdk6410_nand_spl.o
LOAD nand_base.o
OUTPUT(/home/liqiang/work/u-boot/u-boot-2013.04-rc1/build/nand_spl/u-boot-spl elf32-littlearm)

.ARM.attributes
                0x00000000       0x26
 .ARM.attributes
                0x00000000       0x1a start.o
 .ARM.attributes
                0x0000001a       0x1a cpu_init.o
 .ARM.attributes
                0x00000034       0x2a nand_boot.o
 .ARM.attributes
                0x0000005e       0x1a lowlevel_init.o
 .ARM.attributes
                0x00000078       0x1a crt0.o
 .ARM.attributes
                0x00000092       0x2a nand_ecc.o
 .ARM.attributes
                0x000000bc       0x2a s3c64xx.o
 .ARM.attributes
                0x000000e6       0x2a smdk6410_nand_spl.o
 .ARM.attributes
                0x00000110       0x2a nand_base.o

.comment        0x00000000       0xd2
 .comment       0x00000000       0x2a nand_boot.o
 .comment       0x0000002a       0x2a nand_ecc.o
 .comment       0x00000054       0x2a s3c64xx.o
 .comment       0x0000007e       0x2a smdk6410_nand_spl.o
 .comment       0x000000a8       0x2a nand_base.o

.note.GNU-stack
                0x00000000        0x0
 .note.GNU-stack
                0x00000000        0x0 nand_boot.o
 .note.GNU-stack
                0x00000000        0x0 nand_ecc.o
 .note.GNU-stack
                0x00000000        0x0 s3c64xx.o
 .note.GNU-stack
                0x00000000        0x0 smdk6410_nand_spl.o
 .note.GNU-stack
                0x00000000        0x0 nand_base.o

.debug_line     0x00000000     0x1b43
 .debug_line    0x00000000       0xcf start.o
 .debug_line    0x000000cf       0xcf cpu_init.o
 .debug_line    0x0000019e      0x28f nand_boot.o
 .debug_line    0x0000042d       0xf4 lowlevel_init.o
 .debug_line    0x00000521       0xad crt0.o
 .debug_line    0x000005ce      0x1f9 nand_ecc.o
 .debug_line    0x000007c7      0x36b s3c64xx.o
 .debug_line    0x00000b32      0x169 smdk6410_nand_spl.o
 .debug_line    0x00000c9b      0xea8 nand_base.o

.debug_info     0x00000000     0x7c2e
 .debug_info    0x00000000       0xd1 start.o
 .debug_info    0x000000d1       0xd4 cpu_init.o
 .debug_info    0x000001a5     0x1658 nand_boot.o
 .debug_info    0x000017fd       0xd9 lowlevel_init.o
 .debug_info    0x000018d6       0xd0 crt0.o
 .debug_info    0x000019a6      0xb35 nand_ecc.o
 .debug_info    0x000024db     0x191d s3c64xx.o
 .debug_info    0x00003df8      0x2e0 smdk6410_nand_spl.o
 .debug_info    0x000040d8     0x3b56 nand_base.o

.debug_abbrev   0x00000000      0xe54
 .debug_abbrev  0x00000000       0x14 start.o
 .debug_abbrev  0x00000014       0x14 cpu_init.o
 .debug_abbrev  0x00000028      0x2e1 nand_boot.o
 .debug_abbrev  0x00000309       0x14 lowlevel_init.o
 .debug_abbrev  0x0000031d       0x14 crt0.o
 .debug_abbrev  0x00000331      0x1e3 nand_ecc.o
 .debug_abbrev  0x00000514      0x374 s3c64xx.o
 .debug_abbrev  0x00000888      0x108 smdk6410_nand_spl.o
 .debug_abbrev  0x00000990      0x4c4 nand_base.o

.debug_aranges  0x00000000      0x348
 .debug_aranges
                0x00000000       0x20 start.o
 .debug_aranges
                0x00000020       0x20 cpu_init.o
 .debug_aranges
                0x00000040       0x30 nand_boot.o
 .debug_aranges
                0x00000070       0x20 lowlevel_init.o
 .debug_aranges
                0x00000090       0x20 crt0.o
 .debug_aranges
                0x000000b0       0x20 nand_ecc.o
 .debug_aranges
                0x000000d0       0x60 s3c64xx.o
 .debug_aranges
                0x00000130       0x20 smdk6410_nand_spl.o
 .debug_aranges
                0x00000150      0x1f8 nand_base.o

.debug_frame    0x00000000      0xae0
 .debug_frame   0x00000000       0x80 nand_boot.o
 .debug_frame   0x00000080       0x30 nand_ecc.o
 .debug_frame   0x000000b0      0x130 s3c64xx.o
 .debug_frame   0x000001e0       0x2c smdk6410_nand_spl.o
 .debug_frame   0x0000020c      0x8d4 nand_base.o

.debug_loc      0x00000000     0x3213
 .debug_loc     0x00000000      0x20a nand_boot.o
 .debug_loc     0x0000020a      0x10c nand_ecc.o
 .debug_loc     0x00000316      0x4fa s3c64xx.o
 .debug_loc     0x00000810       0x32 smdk6410_nand_spl.o
 .debug_loc     0x00000842     0x29d1 nand_base.o

.debug_pubnames
                0x00000000      0x21a
 .debug_pubnames
                0x00000000       0x20 nand_boot.o
 .debug_pubnames
                0x00000020       0x28 nand_ecc.o
 .debug_pubnames
                0x00000048       0xce s3c64xx.o
 .debug_pubnames
                0x00000116       0x23 smdk6410_nand_spl.o
 .debug_pubnames
                0x00000139       0xe1 nand_base.o

.debug_ranges   0x00000000      0x570
 .debug_ranges  0x00000000       0x98 nand_boot.o
 .debug_ranges  0x00000098       0x18 nand_ecc.o
 .debug_ranges  0x000000b0       0x88 s3c64xx.o
 .debug_ranges  0x00000138       0x18 smdk6410_nand_spl.o
 .debug_ranges  0x00000150      0x420 nand_base.o

.debug_str      0x00000000     0x12f2
 .debug_str     0x00000000      0x7a1 nand_boot.o
                                0x97d (size before relaxing)
 .debug_str     0x000007a1       0x9c nand_ecc.o
                                0x5c2 (size before relaxing)
 .debug_str     0x0000083d      0x222 s3c64xx.o
                                0xabb (size before relaxing)
 .debug_str     0x00000a5f       0x7d smdk6410_nand_spl.o
                                0x240 (size before relaxing)
 .debug_str     0x00000adc      0x816 nand_base.o
                               0x1127 (size before relaxing)
